2025-03-06 10:38:35 - Success: Payment successful: pay_Q3TU0GeSmJXBIP
2025-03-06 10:38:43 - Success: Email sent to user
2025-03-06 10:43:56 - Success: Payment successful: pay_Q3TZfB4HjCwCP9
2025-03-06 10:44:02 - Success: Email sent to user
2025-03-06 10:51:03 - Success: Payment successful: pay_Q3Th5LC9UZav6X
2025-03-06 10:51:09 - Success: Email sent to user
2025-03-07 05:00:09 - Success: Payment successful: pay_Q3mFd2tE3TVVe9
2025-03-07 05:00:14 - Success: Email sent to user
2025-03-07 05:02:19 - Success: Payment successful: pay_Q3mHvqY2jttSe3
2025-03-07 05:02:25 - Success: Email sent to user
2025-03-07 05:09:27 - Success: Payment successful: pay_Q3mPQpfPRlWbZE
2025-03-07 05:09:33 - Success: Email sent to user
2025-03-10 10:33:06 - Success: Payment successful: pay_Q53WfjBa8Gi3si
2025-03-10 10:33:13 - Success: Email sent to user
2025-03-10 10:35:20 - Success: Payment successful: pay_Q53Z2MzcylZLXg
2025-03-10 10:35:25 - Success: Email sent to user
2025-03-10 10:46:21 - Success: Payment successful: pay_Q53kfYYLmY4BOT
2025-03-10 10:46:26 - Success: Email sent to user
2025-03-10 17:30:46 - Success: Payment successful: pay_Q5AduDGVPGo6I7
2025-03-10 17:30:52 - Success: Email sent to user
2025-03-11 03:36:23 - Success: Payment successful: pay_Q5Kxbl6BNqLBE6
2025-03-11 03:36:29 - Success: Email sent to user
